
> gold-saving-app@0.0.0 build
> tsc -b && vite build

[36mvite v8.0.12 [32mbuilding client environment for production...[36m[39m
[2K
transforming...Γ£ô 2870 modules transformed.
node.exe : [31mΓ£ù[39m Build failed in 656ms
At C:\nvm4w\nodejs\npm.ps1:16 char:5
+     & "$basedir/node$exe"  "$basedir/node_modules/npm/bin/npm-cli.js" ...
+     ~~~~~~~~~~~~~~~~~~~~~~~~~~~~~~~~~~~~~~~~~~~~~~~~~~~~~~~~~~~~~~~~~
    + CategoryInfo          : NotSpecified: ([31mΓ£ù[39m Build failed in 656ms:String) [], RemoteException
    + FullyQualifiedErrorId : NativeCommandError
 
[31merror during build:
[31mBuild failed with 1 error:

[plugin vite:css] D:/gold saving app/src/index.css
Failed to load PostCSS config: Failed to load PostCSS config (searchPath: D:/gold saving app): [Error] Loading PostCSS 
Plugin failed: Cannot find module 'tailwindcss'
Require stack:
- D:\gold saving app\postcss.config.js

(@D:\gold saving app\postcss.config.js)
Error: Loading PostCSS Plugin failed: Cannot find module 'tailwindcss'
Require stack:
- D:\gold saving app\postcss.config.js

(@D:\gold saving app\postcss.config.js)
    at load (file:///D:/gold%20saving%20app/node_modules/vite/dist/node/chunks/node.js:19650:10)
    at async Promise.all (index 0)
    at async plugins (file:///D:/gold%20saving%20app/node_modules/vite/dist/node/chunks/node.js:19672:11)
    at async processResult (file:///D:/gold%20saving%20app/node_modules/vite/dist/node/chunks/node.js:19710:13)[31m
    at aggregateBindingErrorsIntoJsError 
(file:///D:/gold%20saving%20app/node_modules/rolldown/dist/shared/error-BrnLyQ-g.mjs:48:18)
    at unwrapBindingResult (file:///D:/gold%20saving%20app/node_modules/rolldown/dist/shared/error-BrnLyQ-g.mjs:18:128)
    at #build (file:///D:/gold%20saving%20app/node_modules/rolldown/dist/shared/rolldown-build-D_ShytiL.mjs:3257:34)
    at async buildEnvironment (file:///D:/gold%20saving%20app/node_modules/vite/dist/node/chunks/node.js:33052:64)
    at async Object.build (file:///D:/gold%20saving%20app/node_modules/vite/dist/node/chunks/node.js:33474:19)
    at async Object.buildApp (file:///D:/gold%20saving%20app/node_modules/vite/dist/node/chunks/node.js:33471:153)
    at async CAC.<anonymous> (file:///D:/gold%20saving%20app/node_modules/vite/dist/node/cli.js:778:3) {
  errors: [Getter/Setter]
}[39m
